stm32f4xx_it.c:75:6:NMI_Handler	0	static
stm32f4xx_it.c:88:6:HardFault_Handler	0	static
stm32f4xx_it.c:103:6:MemManage_Handler	0	static
stm32f4xx_it.c:118:6:BusFault_Handler	0	static
stm32f4xx_it.c:133:6:UsageFault_Handler	0	static
stm32f4xx_it.c:148:6:SVC_Handler	0	static
stm32f4xx_it.c:161:6:DebugMon_Handler	0	static
stm32f4xx_it.c:174:6:PendSV_Handler	0	static
stm32f4xx_it.c:187:6:SysTick_Handler	8	static
stm32f4xx_it.c:220:6:DMA1_Stream5_IRQHandler	0	static
stm32f4xx_it.c:234:6:DMA1_Stream6_IRQHandler	0	static
stm32f4xx_it.c:248:6:TIM6_DAC_IRQHandler	0	static
stm32f4xx_it.c:262:6:TIM7_IRQHandler	24	static
